A51 MACRO ASSEMBLER  DES                                                                  09/07/2019 11:39:31 PAGE     1


MACRO ASSEMBLER A51 V8.2.7.0
OBJECT MODULE PLACED IN .\Objects\des.obj
ASSEMBLER INVOKED BY: C:\Keil_v5\C51\BIN\A51.EXE des.asm SET(SMALL) DEBUG PRINT(.\Listings\des.lst) OBJECT(.\Objects\des
                      .obj) EP

LOC  OBJ            LINE     SOURCE

0000                   1     ORG 00H
0000 7905              2     MOV R1,#05H
0002 7850              3     LOOP4: MOV R0,#50H
0004 89F0              4     MOV B,R1
0006 E6                5     LOOP3: MOV A,@R0
0007 08                6     INC R0
0008 8630              7     MOV 30H,@R0
000A B53000            8     CJNE A,30H,LOOP1
000D 5007              9     LOOP1: JNC LOOP2
000F C530             10     XCH A,30H
0011 A630             11     MOV @R0,30H
0013 18               12     DEC R0
0014 F6               13     MOV @R0,A
0015 08               14     INC R0
0016 D5F0ED           15     LOOP2: DJNZ B,LOOP3
0019 D9E7             16     DJNZ R1,LOOP4
                      17     END
A51 MACRO ASSEMBLER  DES                                                                  09/07/2019 11:39:31 PAGE     2

SYMBOL TABLE LISTING
------ ----- -------


N A M E             T Y P E  V A L U E   ATTRIBUTES

B. . . . . . . . .  D ADDR   00F0H   A   
LOOP1. . . . . . .  C ADDR   000DH   A   
LOOP2. . . . . . .  C ADDR   0016H   A   
LOOP3. . . . . . .  C ADDR   0006H   A   
LOOP4. . . . . . .  C ADDR   0002H   A   


REGISTER BANK(S) USED: 0 


ASSEMBLY COMPLETE.  0 WARNING(S), 0 ERROR(S)
