A51 MACRO ASSEMBLER  DIVA                                                                 09/07/2019 09:29:58 PAGE     1


MACRO ASSEMBLER A51 V8.2.7.0
OBJECT MODULE PLACED IN .\Objects\diva.obj
ASSEMBLER INVOKED BY: C:\Keil_v5\C51\BIN\A51.EXE diva.asm SET(SMALL) DEBUG PRINT(.\Listings\diva.lst) OBJECT(.\Objects\d
                      iva.obj) EP

LOC  OBJ            LINE     SOURCE

0000                   1     ORG 00H
0000 7850              2                     MOV R0,#50H
0002 E6                3                MOV A,@R0
0003 08                4                INC R0
0004 86F0              5                MOV B,@R0
0006 84                6                DIV AB
0007 F580              7                MOV P0,A
0009 85F0A0            8                MOV P2,B
                       9                END
A51 MACRO ASSEMBLER  DIVA                                                                 09/07/2019 09:29:58 PAGE     2

SYMBOL TABLE LISTING
------ ----- -------


N A M E             T Y P E  V A L U E   ATTRIBUTES

B. . . . . . . . .  D ADDR   00F0H   A   
P0 . . . . . . . .  D ADDR   0080H   A   
P2 . . . . . . . .  D ADDR   00A0H   A   


REGISTER BANK(S) USED: 0 


ASSEMBLY COMPLETE.  0 WARNING(S), 0 ERROR(S)
